MO binarioHexadecimalVGRL NULL binarioHexadecimalVGRL.v vlg5C/binario_hexadecimal_v_g_r_l.bin 1647263770
MO top NULL top.v vlg6F/top.bin 1647263770
MO oneCold NULL oneCold.v vlg50/one_cold.bin 1647263770
MO alu_module NULL alu_module.v vlg6B/alu__module.bin 1647263770
MO mux4_1 NULL mux4_1.v vlg6E/mux4__1.bin 1647263770
MO mux_dp NULL mux_dp.v vlg79/mux__dp.bin 1647263770
