MO segmentos NULL segmentos.v vlg41/segmentos.bin 1647278683
MO top NULL top.v vlg6F/top.bin 1647278683
MO oneCold NULL oneCold.v vlg50/one_cold.bin 1647278683
MO moduloXOR NULL moduloXOR.v vlg61/modulo_x_o_r.bin 1647278683
MO sumador NULL sumador.v vlg1F/sumador.bin 1647278683
MO mux4_1 NULL mux4_1.v vlg6E/mux4__1.bin 1647278683
